// Vitest Snapshot v1, https://vitest.dev/guide/snapshot.html

exports[`animated > animated-delay 1`] = `
"/* layer: default */
.animated-delay-0,
.animated-delay-0s{animation-delay:0s;}
.animated-delay-0\\\\.1,
.animated-delay-0\\\\.1ms{animation-delay:0.1ms;}
.animated-delay-0\\\\.1s{animation-delay:0.1s;}
.animated-delay-0ms,
.animated-delay-none{animation-delay:0ms;}
.animated-delay-1,
.animated-delay-1ms{animation-delay:1ms;}
.animated-delay-1\\\\.2,
.animated-delay-1\\\\.2ms{animation-delay:1.2ms;}
.animated-delay-1\\\\.2s{animation-delay:1.2s;}
.animated-delay-10,
.animated-delay-10ms{animation-delay:10ms;}
.animated-delay-10\\\\.11,
.animated-delay-10\\\\.11ms{animation-delay:10.11ms;}
.animated-delay-10\\\\.11s{animation-delay:10.11s;}
.animated-delay-10s{animation-delay:10s;}
.animated-delay-11,
.animated-delay-11ms{animation-delay:11ms;}
.animated-delay-11\\\\.12,
.animated-delay-11\\\\.12ms{animation-delay:11.12ms;}
.animated-delay-11\\\\.12s{animation-delay:11.12s;}
.animated-delay-11s{animation-delay:11s;}
.animated-delay-12,
.animated-delay-12ms{animation-delay:12ms;}
.animated-delay-12\\\\.13,
.animated-delay-12\\\\.13ms{animation-delay:12.13ms;}
.animated-delay-12\\\\.13s{animation-delay:12.13s;}
.animated-delay-12s{animation-delay:12s;}
.animated-delay-13,
.animated-delay-13ms{animation-delay:13ms;}
.animated-delay-13\\\\.14,
.animated-delay-13\\\\.14ms{animation-delay:13.14ms;}
.animated-delay-13\\\\.14s{animation-delay:13.14s;}
.animated-delay-13s{animation-delay:13s;}
.animated-delay-14,
.animated-delay-14ms{animation-delay:14ms;}
.animated-delay-14\\\\.15,
.animated-delay-14\\\\.15ms{animation-delay:14.15ms;}
.animated-delay-14\\\\.15s{animation-delay:14.15s;}
.animated-delay-14s{animation-delay:14s;}
.animated-delay-15,
.animated-delay-15ms{animation-delay:15ms;}
.animated-delay-15\\\\.16,
.animated-delay-15\\\\.16ms{animation-delay:15.16ms;}
.animated-delay-15\\\\.16s{animation-delay:15.16s;}
.animated-delay-15s{animation-delay:15s;}
.animated-delay-16,
.animated-delay-16ms{animation-delay:16ms;}
.animated-delay-16\\\\.17,
.animated-delay-16\\\\.17ms{animation-delay:16.17ms;}
.animated-delay-16\\\\.17s{animation-delay:16.17s;}
.animated-delay-16s{animation-delay:16s;}
.animated-delay-17,
.animated-delay-17ms{animation-delay:17ms;}
.animated-delay-17\\\\.18,
.animated-delay-17\\\\.18ms{animation-delay:17.18ms;}
.animated-delay-17\\\\.18s{animation-delay:17.18s;}
.animated-delay-17s{animation-delay:17s;}
.animated-delay-18,
.animated-delay-18ms{animation-delay:18ms;}
.animated-delay-18\\\\.19,
.animated-delay-18\\\\.19ms{animation-delay:18.19ms;}
.animated-delay-18\\\\.19s{animation-delay:18.19s;}
.animated-delay-18s{animation-delay:18s;}
.animated-delay-19,
.animated-delay-19ms{animation-delay:19ms;}
.animated-delay-19\\\\.2,
.animated-delay-19\\\\.2ms{animation-delay:19.2ms;}
.animated-delay-19\\\\.2s{animation-delay:19.2s;}
.animated-delay-19s{animation-delay:19s;}
.animated-delay-1s{animation-delay:1s;}
.animated-delay-2,
.animated-delay-2ms{animation-delay:2ms;}
.animated-delay-2\\\\.3,
.animated-delay-2\\\\.3ms{animation-delay:2.3ms;}
.animated-delay-2\\\\.3s{animation-delay:2.3s;}
.animated-delay-20,
.animated-delay-20ms{animation-delay:20ms;}
.animated-delay-20\\\\.21,
.animated-delay-20\\\\.21ms{animation-delay:20.21ms;}
.animated-delay-20\\\\.21s{animation-delay:20.21s;}
.animated-delay-20s{animation-delay:20s;}
.animated-delay-21,
.animated-delay-21ms{animation-delay:21ms;}
.animated-delay-21\\\\.22,
.animated-delay-21\\\\.22ms{animation-delay:21.22ms;}
.animated-delay-21\\\\.22s{animation-delay:21.22s;}
.animated-delay-21s{animation-delay:21s;}
.animated-delay-22,
.animated-delay-22ms{animation-delay:22ms;}
.animated-delay-22\\\\.23,
.animated-delay-22\\\\.23ms{animation-delay:22.23ms;}
.animated-delay-22\\\\.23s{animation-delay:22.23s;}
.animated-delay-22s{animation-delay:22s;}
.animated-delay-23,
.animated-delay-23ms{animation-delay:23ms;}
.animated-delay-23\\\\.24,
.animated-delay-23\\\\.24ms{animation-delay:23.24ms;}
.animated-delay-23\\\\.24s{animation-delay:23.24s;}
.animated-delay-23s{animation-delay:23s;}
.animated-delay-24,
.animated-delay-24ms{animation-delay:24ms;}
.animated-delay-24\\\\.25,
.animated-delay-24\\\\.25ms{animation-delay:24.25ms;}
.animated-delay-24\\\\.25s{animation-delay:24.25s;}
.animated-delay-24s{animation-delay:24s;}
.animated-delay-25,
.animated-delay-25ms{animation-delay:25ms;}
.animated-delay-25\\\\.26,
.animated-delay-25\\\\.26ms{animation-delay:25.26ms;}
.animated-delay-25\\\\.26s{animation-delay:25.26s;}
.animated-delay-25s{animation-delay:25s;}
.animated-delay-26,
.animated-delay-26ms{animation-delay:26ms;}
.animated-delay-26\\\\.27,
.animated-delay-26\\\\.27ms{animation-delay:26.27ms;}
.animated-delay-26\\\\.27s{animation-delay:26.27s;}
.animated-delay-26s{animation-delay:26s;}
.animated-delay-27,
.animated-delay-27ms{animation-delay:27ms;}
.animated-delay-27\\\\.28,
.animated-delay-27\\\\.28ms{animation-delay:27.28ms;}
.animated-delay-27\\\\.28s{animation-delay:27.28s;}
.animated-delay-27s{animation-delay:27s;}
.animated-delay-28,
.animated-delay-28ms{animation-delay:28ms;}
.animated-delay-28\\\\.29,
.animated-delay-28\\\\.29ms{animation-delay:28.29ms;}
.animated-delay-28\\\\.29s{animation-delay:28.29s;}
.animated-delay-28s{animation-delay:28s;}
.animated-delay-29,
.animated-delay-29ms{animation-delay:29ms;}
.animated-delay-29\\\\.3,
.animated-delay-29\\\\.3ms{animation-delay:29.3ms;}
.animated-delay-29\\\\.3s{animation-delay:29.3s;}
.animated-delay-29s{animation-delay:29s;}
.animated-delay-2s{animation-delay:2s;}
.animated-delay-3,
.animated-delay-3ms{animation-delay:3ms;}
.animated-delay-3\\\\.4,
.animated-delay-3\\\\.4ms{animation-delay:3.4ms;}
.animated-delay-3\\\\.4s{animation-delay:3.4s;}
.animated-delay-30,
.animated-delay-30ms{animation-delay:30ms;}
.animated-delay-30\\\\.31,
.animated-delay-30\\\\.31ms{animation-delay:30.31ms;}
.animated-delay-30\\\\.31s{animation-delay:30.31s;}
.animated-delay-30s{animation-delay:30s;}
.animated-delay-31,
.animated-delay-31ms{animation-delay:31ms;}
.animated-delay-31\\\\.32,
.animated-delay-31\\\\.32ms{animation-delay:31.32ms;}
.animated-delay-31\\\\.32s{animation-delay:31.32s;}
.animated-delay-31s{animation-delay:31s;}
.animated-delay-32,
.animated-delay-32ms{animation-delay:32ms;}
.animated-delay-32\\\\.33,
.animated-delay-32\\\\.33ms{animation-delay:32.33ms;}
.animated-delay-32\\\\.33s{animation-delay:32.33s;}
.animated-delay-32s{animation-delay:32s;}
.animated-delay-33,
.animated-delay-33ms{animation-delay:33ms;}
.animated-delay-33\\\\.34,
.animated-delay-33\\\\.34ms{animation-delay:33.34ms;}
.animated-delay-33\\\\.34s{animation-delay:33.34s;}
.animated-delay-33s{animation-delay:33s;}
.animated-delay-34,
.animated-delay-34ms{animation-delay:34ms;}
.animated-delay-34\\\\.35,
.animated-delay-34\\\\.35ms{animation-delay:34.35ms;}
.animated-delay-34\\\\.35s{animation-delay:34.35s;}
.animated-delay-34s{animation-delay:34s;}
.animated-delay-35,
.animated-delay-35ms{animation-delay:35ms;}
.animated-delay-35\\\\.36,
.animated-delay-35\\\\.36ms{animation-delay:35.36ms;}
.animated-delay-35\\\\.36s{animation-delay:35.36s;}
.animated-delay-35s{animation-delay:35s;}
.animated-delay-36,
.animated-delay-36ms{animation-delay:36ms;}
.animated-delay-36\\\\.37,
.animated-delay-36\\\\.37ms{animation-delay:36.37ms;}
.animated-delay-36\\\\.37s{animation-delay:36.37s;}
.animated-delay-36s{animation-delay:36s;}
.animated-delay-37,
.animated-delay-37ms{animation-delay:37ms;}
.animated-delay-37\\\\.38,
.animated-delay-37\\\\.38ms{animation-delay:37.38ms;}
.animated-delay-37\\\\.38s{animation-delay:37.38s;}
.animated-delay-37s{animation-delay:37s;}
.animated-delay-38,
.animated-delay-38ms{animation-delay:38ms;}
.animated-delay-38\\\\.39,
.animated-delay-38\\\\.39ms{animation-delay:38.39ms;}
.animated-delay-38\\\\.39s{animation-delay:38.39s;}
.animated-delay-38s{animation-delay:38s;}
.animated-delay-39,
.animated-delay-39ms{animation-delay:39ms;}
.animated-delay-39\\\\.4,
.animated-delay-39\\\\.4ms{animation-delay:39.4ms;}
.animated-delay-39\\\\.4s{animation-delay:39.4s;}
.animated-delay-39s{animation-delay:39s;}
.animated-delay-3s{animation-delay:3s;}
.animated-delay-4,
.animated-delay-4ms{animation-delay:4ms;}
.animated-delay-4\\\\.5,
.animated-delay-4\\\\.5ms{animation-delay:4.5ms;}
.animated-delay-4\\\\.5s{animation-delay:4.5s;}
.animated-delay-40,
.animated-delay-40ms{animation-delay:40ms;}
.animated-delay-40\\\\.41,
.animated-delay-40\\\\.41ms{animation-delay:40.41ms;}
.animated-delay-40\\\\.41s{animation-delay:40.41s;}
.animated-delay-40s{animation-delay:40s;}
.animated-delay-41,
.animated-delay-41ms{animation-delay:41ms;}
.animated-delay-41\\\\.42,
.animated-delay-41\\\\.42ms{animation-delay:41.42ms;}
.animated-delay-41\\\\.42s{animation-delay:41.42s;}
.animated-delay-41s{animation-delay:41s;}
.animated-delay-42,
.animated-delay-42ms{animation-delay:42ms;}
.animated-delay-42\\\\.43,
.animated-delay-42\\\\.43ms{animation-delay:42.43ms;}
.animated-delay-42\\\\.43s{animation-delay:42.43s;}
.animated-delay-42s{animation-delay:42s;}
.animated-delay-43,
.animated-delay-43ms{animation-delay:43ms;}
.animated-delay-43\\\\.44,
.animated-delay-43\\\\.44ms{animation-delay:43.44ms;}
.animated-delay-43\\\\.44s{animation-delay:43.44s;}
.animated-delay-43s{animation-delay:43s;}
.animated-delay-44,
.animated-delay-44ms{animation-delay:44ms;}
.animated-delay-44\\\\.45,
.animated-delay-44\\\\.45ms{animation-delay:44.45ms;}
.animated-delay-44\\\\.45s{animation-delay:44.45s;}
.animated-delay-44s{animation-delay:44s;}
.animated-delay-45,
.animated-delay-45ms{animation-delay:45ms;}
.animated-delay-45\\\\.46,
.animated-delay-45\\\\.46ms{animation-delay:45.46ms;}
.animated-delay-45\\\\.46s{animation-delay:45.46s;}
.animated-delay-45s{animation-delay:45s;}
.animated-delay-46,
.animated-delay-46ms{animation-delay:46ms;}
.animated-delay-46\\\\.47,
.animated-delay-46\\\\.47ms{animation-delay:46.47ms;}
.animated-delay-46\\\\.47s{animation-delay:46.47s;}
.animated-delay-46s{animation-delay:46s;}
.animated-delay-47,
.animated-delay-47ms{animation-delay:47ms;}
.animated-delay-47\\\\.48,
.animated-delay-47\\\\.48ms{animation-delay:47.48ms;}
.animated-delay-47\\\\.48s{animation-delay:47.48s;}
.animated-delay-47s{animation-delay:47s;}
.animated-delay-48,
.animated-delay-48ms{animation-delay:48ms;}
.animated-delay-48\\\\.49,
.animated-delay-48\\\\.49ms{animation-delay:48.49ms;}
.animated-delay-48\\\\.49s{animation-delay:48.49s;}
.animated-delay-48s{animation-delay:48s;}
.animated-delay-49,
.animated-delay-49ms{animation-delay:49ms;}
.animated-delay-49\\\\.5,
.animated-delay-49\\\\.5ms{animation-delay:49.5ms;}
.animated-delay-49\\\\.5s{animation-delay:49.5s;}
.animated-delay-49s{animation-delay:49s;}
.animated-delay-4s{animation-delay:4s;}
.animated-delay-5,
.animated-delay-5ms{animation-delay:5ms;}
.animated-delay-5\\\\.6,
.animated-delay-5\\\\.6ms{animation-delay:5.6ms;}
.animated-delay-5\\\\.6s{animation-delay:5.6s;}
.animated-delay-50,
.animated-delay-50ms{animation-delay:50ms;}
.animated-delay-50\\\\.51,
.animated-delay-50\\\\.51ms{animation-delay:50.51ms;}
.animated-delay-50\\\\.51s{animation-delay:50.51s;}
.animated-delay-50s{animation-delay:50s;}
.animated-delay-51,
.animated-delay-51ms{animation-delay:51ms;}
.animated-delay-51\\\\.52,
.animated-delay-51\\\\.52ms{animation-delay:51.52ms;}
.animated-delay-51\\\\.52s{animation-delay:51.52s;}
.animated-delay-51s{animation-delay:51s;}
.animated-delay-52,
.animated-delay-52ms{animation-delay:52ms;}
.animated-delay-52\\\\.53,
.animated-delay-52\\\\.53ms{animation-delay:52.53ms;}
.animated-delay-52\\\\.53s{animation-delay:52.53s;}
.animated-delay-52s{animation-delay:52s;}
.animated-delay-53,
.animated-delay-53ms{animation-delay:53ms;}
.animated-delay-53\\\\.54,
.animated-delay-53\\\\.54ms{animation-delay:53.54ms;}
.animated-delay-53\\\\.54s{animation-delay:53.54s;}
.animated-delay-53s{animation-delay:53s;}
.animated-delay-54,
.animated-delay-54ms{animation-delay:54ms;}
.animated-delay-54\\\\.55,
.animated-delay-54\\\\.55ms{animation-delay:54.55ms;}
.animated-delay-54\\\\.55s{animation-delay:54.55s;}
.animated-delay-54s{animation-delay:54s;}
.animated-delay-55,
.animated-delay-55ms{animation-delay:55ms;}
.animated-delay-55\\\\.56,
.animated-delay-55\\\\.56ms{animation-delay:55.56ms;}
.animated-delay-55\\\\.56s{animation-delay:55.56s;}
.animated-delay-55s{animation-delay:55s;}
.animated-delay-56,
.animated-delay-56ms{animation-delay:56ms;}
.animated-delay-56\\\\.57,
.animated-delay-56\\\\.57ms{animation-delay:56.57ms;}
.animated-delay-56\\\\.57s{animation-delay:56.57s;}
.animated-delay-56s{animation-delay:56s;}
.animated-delay-57,
.animated-delay-57ms{animation-delay:57ms;}
.animated-delay-57\\\\.58,
.animated-delay-57\\\\.58ms{animation-delay:57.58ms;}
.animated-delay-57\\\\.58s{animation-delay:57.58s;}
.animated-delay-57s{animation-delay:57s;}
.animated-delay-58,
.animated-delay-58ms{animation-delay:58ms;}
.animated-delay-58\\\\.59,
.animated-delay-58\\\\.59ms{animation-delay:58.59ms;}
.animated-delay-58\\\\.59s{animation-delay:58.59s;}
.animated-delay-58s{animation-delay:58s;}
.animated-delay-59,
.animated-delay-59ms{animation-delay:59ms;}
.animated-delay-59\\\\.6,
.animated-delay-59\\\\.6ms{animation-delay:59.6ms;}
.animated-delay-59\\\\.6s{animation-delay:59.6s;}
.animated-delay-59s{animation-delay:59s;}
.animated-delay-5s{animation-delay:5s;}
.animated-delay-6,
.animated-delay-6ms{animation-delay:6ms;}
.animated-delay-6\\\\.7,
.animated-delay-6\\\\.7ms{animation-delay:6.7ms;}
.animated-delay-6\\\\.7s{animation-delay:6.7s;}
.animated-delay-60,
.animated-delay-60ms{animation-delay:60ms;}
.animated-delay-60\\\\.61,
.animated-delay-60\\\\.61ms{animation-delay:60.61ms;}
.animated-delay-60\\\\.61s{animation-delay:60.61s;}
.animated-delay-60s{animation-delay:60s;}
.animated-delay-61,
.animated-delay-61ms{animation-delay:61ms;}
.animated-delay-61\\\\.62,
.animated-delay-61\\\\.62ms{animation-delay:61.62ms;}
.animated-delay-61\\\\.62s{animation-delay:61.62s;}
.animated-delay-61s{animation-delay:61s;}
.animated-delay-62,
.animated-delay-62ms{animation-delay:62ms;}
.animated-delay-62\\\\.63,
.animated-delay-62\\\\.63ms{animation-delay:62.63ms;}
.animated-delay-62\\\\.63s{animation-delay:62.63s;}
.animated-delay-62s{animation-delay:62s;}
.animated-delay-63,
.animated-delay-63ms{animation-delay:63ms;}
.animated-delay-63\\\\.64,
.animated-delay-63\\\\.64ms{animation-delay:63.64ms;}
.animated-delay-63\\\\.64s{animation-delay:63.64s;}
.animated-delay-63s{animation-delay:63s;}
.animated-delay-64,
.animated-delay-64ms{animation-delay:64ms;}
.animated-delay-64\\\\.65,
.animated-delay-64\\\\.65ms{animation-delay:64.65ms;}
.animated-delay-64\\\\.65s{animation-delay:64.65s;}
.animated-delay-64s{animation-delay:64s;}
.animated-delay-65,
.animated-delay-65ms{animation-delay:65ms;}
.animated-delay-65\\\\.66,
.animated-delay-65\\\\.66ms{animation-delay:65.66ms;}
.animated-delay-65\\\\.66s{animation-delay:65.66s;}
.animated-delay-65s{animation-delay:65s;}
.animated-delay-66,
.animated-delay-66ms{animation-delay:66ms;}
.animated-delay-66\\\\.67,
.animated-delay-66\\\\.67ms{animation-delay:66.67ms;}
.animated-delay-66\\\\.67s{animation-delay:66.67s;}
.animated-delay-66s{animation-delay:66s;}
.animated-delay-6s{animation-delay:6s;}
.animated-delay-7,
.animated-delay-7ms{animation-delay:7ms;}
.animated-delay-7\\\\.8,
.animated-delay-7\\\\.8ms{animation-delay:7.8ms;}
.animated-delay-7\\\\.8s{animation-delay:7.8s;}
.animated-delay-7s{animation-delay:7s;}
.animated-delay-8,
.animated-delay-8ms{animation-delay:8ms;}
.animated-delay-8\\\\.9,
.animated-delay-8\\\\.9ms{animation-delay:8.9ms;}
.animated-delay-8\\\\.9s{animation-delay:8.9s;}
.animated-delay-8s{animation-delay:8s;}
.animated-delay-9,
.animated-delay-9ms{animation-delay:9ms;}
.animated-delay-9\\\\.1,
.animated-delay-9\\\\.1ms{animation-delay:9.1ms;}
.animated-delay-9\\\\.1s{animation-delay:9.1s;}
.animated-delay-9s{animation-delay:9s;}"
`;

exports[`animated > animated-duration 1`] = `
"/* layer: default */
.animated-duration-0,
.animated-duration-0s{animation-duration:0s;}
.animated-duration-0\\\\.1,
.animated-duration-0\\\\.1ms{animation-duration:0.1ms;}
.animated-duration-0\\\\.1s{animation-duration:0.1s;}
.animated-duration-0ms,
.animated-duration-none{animation-duration:0ms;}
.animated-duration-1,
.animated-duration-1ms{animation-duration:1ms;}
.animated-duration-1\\\\.2,
.animated-duration-1\\\\.2ms{animation-duration:1.2ms;}
.animated-duration-1\\\\.2s{animation-duration:1.2s;}
.animated-duration-10,
.animated-duration-10ms{animation-duration:10ms;}
.animated-duration-10\\\\.11,
.animated-duration-10\\\\.11ms{animation-duration:10.11ms;}
.animated-duration-10\\\\.11s{animation-duration:10.11s;}
.animated-duration-10s{animation-duration:10s;}
.animated-duration-11,
.animated-duration-11ms{animation-duration:11ms;}
.animated-duration-11\\\\.12,
.animated-duration-11\\\\.12ms{animation-duration:11.12ms;}
.animated-duration-11\\\\.12s{animation-duration:11.12s;}
.animated-duration-11s{animation-duration:11s;}
.animated-duration-12,
.animated-duration-12ms{animation-duration:12ms;}
.animated-duration-12\\\\.13,
.animated-duration-12\\\\.13ms{animation-duration:12.13ms;}
.animated-duration-12\\\\.13s{animation-duration:12.13s;}
.animated-duration-12s{animation-duration:12s;}
.animated-duration-13,
.animated-duration-13ms{animation-duration:13ms;}
.animated-duration-13\\\\.14,
.animated-duration-13\\\\.14ms{animation-duration:13.14ms;}
.animated-duration-13\\\\.14s{animation-duration:13.14s;}
.animated-duration-13s{animation-duration:13s;}
.animated-duration-14,
.animated-duration-14ms{animation-duration:14ms;}
.animated-duration-14\\\\.15,
.animated-duration-14\\\\.15ms{animation-duration:14.15ms;}
.animated-duration-14\\\\.15s{animation-duration:14.15s;}
.animated-duration-14s{animation-duration:14s;}
.animated-duration-15,
.animated-duration-15ms{animation-duration:15ms;}
.animated-duration-15\\\\.16,
.animated-duration-15\\\\.16ms{animation-duration:15.16ms;}
.animated-duration-15\\\\.16s{animation-duration:15.16s;}
.animated-duration-15s{animation-duration:15s;}
.animated-duration-16,
.animated-duration-16ms{animation-duration:16ms;}
.animated-duration-16\\\\.17,
.animated-duration-16\\\\.17ms{animation-duration:16.17ms;}
.animated-duration-16\\\\.17s{animation-duration:16.17s;}
.animated-duration-16s{animation-duration:16s;}
.animated-duration-17,
.animated-duration-17ms{animation-duration:17ms;}
.animated-duration-17\\\\.18,
.animated-duration-17\\\\.18ms{animation-duration:17.18ms;}
.animated-duration-17\\\\.18s{animation-duration:17.18s;}
.animated-duration-17s{animation-duration:17s;}
.animated-duration-18,
.animated-duration-18ms{animation-duration:18ms;}
.animated-duration-18\\\\.19,
.animated-duration-18\\\\.19ms{animation-duration:18.19ms;}
.animated-duration-18\\\\.19s{animation-duration:18.19s;}
.animated-duration-18s{animation-duration:18s;}
.animated-duration-19,
.animated-duration-19ms{animation-duration:19ms;}
.animated-duration-19\\\\.2,
.animated-duration-19\\\\.2ms{animation-duration:19.2ms;}
.animated-duration-19\\\\.2s{animation-duration:19.2s;}
.animated-duration-19s{animation-duration:19s;}
.animated-duration-1s{animation-duration:1s;}
.animated-duration-2,
.animated-duration-2ms{animation-duration:2ms;}
.animated-duration-2\\\\.3,
.animated-duration-2\\\\.3ms{animation-duration:2.3ms;}
.animated-duration-2\\\\.3s{animation-duration:2.3s;}
.animated-duration-20,
.animated-duration-20ms{animation-duration:20ms;}
.animated-duration-20\\\\.21,
.animated-duration-20\\\\.21ms{animation-duration:20.21ms;}
.animated-duration-20\\\\.21s{animation-duration:20.21s;}
.animated-duration-20s{animation-duration:20s;}
.animated-duration-21,
.animated-duration-21ms{animation-duration:21ms;}
.animated-duration-21\\\\.22,
.animated-duration-21\\\\.22ms{animation-duration:21.22ms;}
.animated-duration-21\\\\.22s{animation-duration:21.22s;}
.animated-duration-21s{animation-duration:21s;}
.animated-duration-22,
.animated-duration-22ms{animation-duration:22ms;}
.animated-duration-22\\\\.23,
.animated-duration-22\\\\.23ms{animation-duration:22.23ms;}
.animated-duration-22\\\\.23s{animation-duration:22.23s;}
.animated-duration-22s{animation-duration:22s;}
.animated-duration-23,
.animated-duration-23ms{animation-duration:23ms;}
.animated-duration-23\\\\.24,
.animated-duration-23\\\\.24ms{animation-duration:23.24ms;}
.animated-duration-23\\\\.24s{animation-duration:23.24s;}
.animated-duration-23s{animation-duration:23s;}
.animated-duration-24,
.animated-duration-24ms{animation-duration:24ms;}
.animated-duration-24\\\\.25,
.animated-duration-24\\\\.25ms{animation-duration:24.25ms;}
.animated-duration-24\\\\.25s{animation-duration:24.25s;}
.animated-duration-24s{animation-duration:24s;}
.animated-duration-25,
.animated-duration-25ms{animation-duration:25ms;}
.animated-duration-25\\\\.26,
.animated-duration-25\\\\.26ms{animation-duration:25.26ms;}
.animated-duration-25\\\\.26s{animation-duration:25.26s;}
.animated-duration-25s{animation-duration:25s;}
.animated-duration-26,
.animated-duration-26ms{animation-duration:26ms;}
.animated-duration-26\\\\.27,
.animated-duration-26\\\\.27ms{animation-duration:26.27ms;}
.animated-duration-26\\\\.27s{animation-duration:26.27s;}
.animated-duration-26s{animation-duration:26s;}
.animated-duration-27,
.animated-duration-27ms{animation-duration:27ms;}
.animated-duration-27\\\\.28,
.animated-duration-27\\\\.28ms{animation-duration:27.28ms;}
.animated-duration-27\\\\.28s{animation-duration:27.28s;}
.animated-duration-27s{animation-duration:27s;}
.animated-duration-28,
.animated-duration-28ms{animation-duration:28ms;}
.animated-duration-28\\\\.29,
.animated-duration-28\\\\.29ms{animation-duration:28.29ms;}
.animated-duration-28\\\\.29s{animation-duration:28.29s;}
.animated-duration-28s{animation-duration:28s;}
.animated-duration-29,
.animated-duration-29ms{animation-duration:29ms;}
.animated-duration-29\\\\.3,
.animated-duration-29\\\\.3ms{animation-duration:29.3ms;}
.animated-duration-29\\\\.3s{animation-duration:29.3s;}
.animated-duration-29s{animation-duration:29s;}
.animated-duration-2s{animation-duration:2s;}
.animated-duration-3,
.animated-duration-3ms{animation-duration:3ms;}
.animated-duration-3\\\\.4,
.animated-duration-3\\\\.4ms{animation-duration:3.4ms;}
.animated-duration-3\\\\.4s{animation-duration:3.4s;}
.animated-duration-30,
.animated-duration-30ms{animation-duration:30ms;}
.animated-duration-30\\\\.31,
.animated-duration-30\\\\.31ms{animation-duration:30.31ms;}
.animated-duration-30\\\\.31s{animation-duration:30.31s;}
.animated-duration-30s{animation-duration:30s;}
.animated-duration-31,
.animated-duration-31ms{animation-duration:31ms;}
.animated-duration-31\\\\.32,
.animated-duration-31\\\\.32ms{animation-duration:31.32ms;}
.animated-duration-31\\\\.32s{animation-duration:31.32s;}
.animated-duration-31s{animation-duration:31s;}
.animated-duration-32,
.animated-duration-32ms{animation-duration:32ms;}
.animated-duration-32\\\\.33,
.animated-duration-32\\\\.33ms{animation-duration:32.33ms;}
.animated-duration-32\\\\.33s{animation-duration:32.33s;}
.animated-duration-32s{animation-duration:32s;}
.animated-duration-33,
.animated-duration-33ms{animation-duration:33ms;}
.animated-duration-33\\\\.34,
.animated-duration-33\\\\.34ms{animation-duration:33.34ms;}
.animated-duration-33\\\\.34s{animation-duration:33.34s;}
.animated-duration-33s{animation-duration:33s;}
.animated-duration-34,
.animated-duration-34ms{animation-duration:34ms;}
.animated-duration-34\\\\.35,
.animated-duration-34\\\\.35ms{animation-duration:34.35ms;}
.animated-duration-34\\\\.35s{animation-duration:34.35s;}
.animated-duration-34s{animation-duration:34s;}
.animated-duration-35,
.animated-duration-35ms{animation-duration:35ms;}
.animated-duration-35\\\\.36,
.animated-duration-35\\\\.36ms{animation-duration:35.36ms;}
.animated-duration-35\\\\.36s{animation-duration:35.36s;}
.animated-duration-35s{animation-duration:35s;}
.animated-duration-36,
.animated-duration-36ms{animation-duration:36ms;}
.animated-duration-36\\\\.37,
.animated-duration-36\\\\.37ms{animation-duration:36.37ms;}
.animated-duration-36\\\\.37s{animation-duration:36.37s;}
.animated-duration-36s{animation-duration:36s;}
.animated-duration-37,
.animated-duration-37ms{animation-duration:37ms;}
.animated-duration-37\\\\.38,
.animated-duration-37\\\\.38ms{animation-duration:37.38ms;}
.animated-duration-37\\\\.38s{animation-duration:37.38s;}
.animated-duration-37s{animation-duration:37s;}
.animated-duration-38,
.animated-duration-38ms{animation-duration:38ms;}
.animated-duration-38\\\\.39,
.animated-duration-38\\\\.39ms{animation-duration:38.39ms;}
.animated-duration-38\\\\.39s{animation-duration:38.39s;}
.animated-duration-38s{animation-duration:38s;}
.animated-duration-39,
.animated-duration-39ms{animation-duration:39ms;}
.animated-duration-39\\\\.4,
.animated-duration-39\\\\.4ms{animation-duration:39.4ms;}
.animated-duration-39\\\\.4s{animation-duration:39.4s;}
.animated-duration-39s{animation-duration:39s;}
.animated-duration-3s{animation-duration:3s;}
.animated-duration-4,
.animated-duration-4ms{animation-duration:4ms;}
.animated-duration-4\\\\.5,
.animated-duration-4\\\\.5ms{animation-duration:4.5ms;}
.animated-duration-4\\\\.5s{animation-duration:4.5s;}
.animated-duration-40,
.animated-duration-40ms{animation-duration:40ms;}
.animated-duration-40\\\\.41,
.animated-duration-40\\\\.41ms{animation-duration:40.41ms;}
.animated-duration-40\\\\.41s{animation-duration:40.41s;}
.animated-duration-40s{animation-duration:40s;}
.animated-duration-41,
.animated-duration-41ms{animation-duration:41ms;}
.animated-duration-41\\\\.42,
.animated-duration-41\\\\.42ms{animation-duration:41.42ms;}
.animated-duration-41\\\\.42s{animation-duration:41.42s;}
.animated-duration-41s{animation-duration:41s;}
.animated-duration-42,
.animated-duration-42ms{animation-duration:42ms;}
.animated-duration-42\\\\.43,
.animated-duration-42\\\\.43ms{animation-duration:42.43ms;}
.animated-duration-42\\\\.43s{animation-duration:42.43s;}
.animated-duration-42s{animation-duration:42s;}
.animated-duration-43,
.animated-duration-43ms{animation-duration:43ms;}
.animated-duration-43\\\\.44,
.animated-duration-43\\\\.44ms{animation-duration:43.44ms;}
.animated-duration-43\\\\.44s{animation-duration:43.44s;}
.animated-duration-43s{animation-duration:43s;}
.animated-duration-44,
.animated-duration-44ms{animation-duration:44ms;}
.animated-duration-44\\\\.45,
.animated-duration-44\\\\.45ms{animation-duration:44.45ms;}
.animated-duration-44\\\\.45s{animation-duration:44.45s;}
.animated-duration-44s{animation-duration:44s;}
.animated-duration-45,
.animated-duration-45ms{animation-duration:45ms;}
.animated-duration-45\\\\.46,
.animated-duration-45\\\\.46ms{animation-duration:45.46ms;}
.animated-duration-45\\\\.46s{animation-duration:45.46s;}
.animated-duration-45s{animation-duration:45s;}
.animated-duration-46,
.animated-duration-46ms{animation-duration:46ms;}
.animated-duration-46\\\\.47,
.animated-duration-46\\\\.47ms{animation-duration:46.47ms;}
.animated-duration-46\\\\.47s{animation-duration:46.47s;}
.animated-duration-46s{animation-duration:46s;}
.animated-duration-47,
.animated-duration-47ms{animation-duration:47ms;}
.animated-duration-47\\\\.48,
.animated-duration-47\\\\.48ms{animation-duration:47.48ms;}
.animated-duration-47\\\\.48s{animation-duration:47.48s;}
.animated-duration-47s{animation-duration:47s;}
.animated-duration-48,
.animated-duration-48ms{animation-duration:48ms;}
.animated-duration-48\\\\.49,
.animated-duration-48\\\\.49ms{animation-duration:48.49ms;}
.animated-duration-48\\\\.49s{animation-duration:48.49s;}
.animated-duration-48s{animation-duration:48s;}
.animated-duration-49,
.animated-duration-49ms{animation-duration:49ms;}
.animated-duration-49\\\\.5,
.animated-duration-49\\\\.5ms{animation-duration:49.5ms;}
.animated-duration-49\\\\.5s{animation-duration:49.5s;}
.animated-duration-49s{animation-duration:49s;}
.animated-duration-4s{animation-duration:4s;}
.animated-duration-5,
.animated-duration-5ms{animation-duration:5ms;}
.animated-duration-5\\\\.6,
.animated-duration-5\\\\.6ms{animation-duration:5.6ms;}
.animated-duration-5\\\\.6s{animation-duration:5.6s;}
.animated-duration-50,
.animated-duration-50ms{animation-duration:50ms;}
.animated-duration-50\\\\.51,
.animated-duration-50\\\\.51ms{animation-duration:50.51ms;}
.animated-duration-50\\\\.51s{animation-duration:50.51s;}
.animated-duration-50s{animation-duration:50s;}
.animated-duration-51,
.animated-duration-51ms{animation-duration:51ms;}
.animated-duration-51\\\\.52,
.animated-duration-51\\\\.52ms{animation-duration:51.52ms;}
.animated-duration-51\\\\.52s{animation-duration:51.52s;}
.animated-duration-51s{animation-duration:51s;}
.animated-duration-52,
.animated-duration-52ms{animation-duration:52ms;}
.animated-duration-52\\\\.53,
.animated-duration-52\\\\.53ms{animation-duration:52.53ms;}
.animated-duration-52\\\\.53s{animation-duration:52.53s;}
.animated-duration-52s{animation-duration:52s;}
.animated-duration-53,
.animated-duration-53ms{animation-duration:53ms;}
.animated-duration-53\\\\.54,
.animated-duration-53\\\\.54ms{animation-duration:53.54ms;}
.animated-duration-53\\\\.54s{animation-duration:53.54s;}
.animated-duration-53s{animation-duration:53s;}
.animated-duration-54,
.animated-duration-54ms{animation-duration:54ms;}
.animated-duration-54\\\\.55,
.animated-duration-54\\\\.55ms{animation-duration:54.55ms;}
.animated-duration-54\\\\.55s{animation-duration:54.55s;}
.animated-duration-54s{animation-duration:54s;}
.animated-duration-55,
.animated-duration-55ms{animation-duration:55ms;}
.animated-duration-55\\\\.56,
.animated-duration-55\\\\.56ms{animation-duration:55.56ms;}
.animated-duration-55\\\\.56s{animation-duration:55.56s;}
.animated-duration-55s{animation-duration:55s;}
.animated-duration-56,
.animated-duration-56ms{animation-duration:56ms;}
.animated-duration-56\\\\.57,
.animated-duration-56\\\\.57ms{animation-duration:56.57ms;}
.animated-duration-56\\\\.57s{animation-duration:56.57s;}
.animated-duration-56s{animation-duration:56s;}
.animated-duration-57,
.animated-duration-57ms{animation-duration:57ms;}
.animated-duration-57\\\\.58,
.animated-duration-57\\\\.58ms{animation-duration:57.58ms;}
.animated-duration-57\\\\.58s{animation-duration:57.58s;}
.animated-duration-57s{animation-duration:57s;}
.animated-duration-58,
.animated-duration-58ms{animation-duration:58ms;}
.animated-duration-58\\\\.59,
.animated-duration-58\\\\.59ms{animation-duration:58.59ms;}
.animated-duration-58\\\\.59s{animation-duration:58.59s;}
.animated-duration-58s{animation-duration:58s;}
.animated-duration-59,
.animated-duration-59ms{animation-duration:59ms;}
.animated-duration-59\\\\.6,
.animated-duration-59\\\\.6ms{animation-duration:59.6ms;}
.animated-duration-59\\\\.6s{animation-duration:59.6s;}
.animated-duration-59s{animation-duration:59s;}
.animated-duration-5s{animation-duration:5s;}
.animated-duration-6,
.animated-duration-6ms{animation-duration:6ms;}
.animated-duration-6\\\\.7,
.animated-duration-6\\\\.7ms{animation-duration:6.7ms;}
.animated-duration-6\\\\.7s{animation-duration:6.7s;}
.animated-duration-60,
.animated-duration-60ms{animation-duration:60ms;}
.animated-duration-60\\\\.61,
.animated-duration-60\\\\.61ms{animation-duration:60.61ms;}
.animated-duration-60\\\\.61s{animation-duration:60.61s;}
.animated-duration-60s{animation-duration:60s;}
.animated-duration-61,
.animated-duration-61ms{animation-duration:61ms;}
.animated-duration-61\\\\.62,
.animated-duration-61\\\\.62ms{animation-duration:61.62ms;}
.animated-duration-61\\\\.62s{animation-duration:61.62s;}
.animated-duration-61s{animation-duration:61s;}
.animated-duration-62,
.animated-duration-62ms{animation-duration:62ms;}
.animated-duration-62\\\\.63,
.animated-duration-62\\\\.63ms{animation-duration:62.63ms;}
.animated-duration-62\\\\.63s{animation-duration:62.63s;}
.animated-duration-62s{animation-duration:62s;}
.animated-duration-63,
.animated-duration-63ms{animation-duration:63ms;}
.animated-duration-63\\\\.64,
.animated-duration-63\\\\.64ms{animation-duration:63.64ms;}
.animated-duration-63\\\\.64s{animation-duration:63.64s;}
.animated-duration-63s{animation-duration:63s;}
.animated-duration-64,
.animated-duration-64ms{animation-duration:64ms;}
.animated-duration-64\\\\.65,
.animated-duration-64\\\\.65ms{animation-duration:64.65ms;}
.animated-duration-64\\\\.65s{animation-duration:64.65s;}
.animated-duration-64s{animation-duration:64s;}
.animated-duration-65,
.animated-duration-65ms{animation-duration:65ms;}
.animated-duration-65\\\\.66,
.animated-duration-65\\\\.66ms{animation-duration:65.66ms;}
.animated-duration-65\\\\.66s{animation-duration:65.66s;}
.animated-duration-65s{animation-duration:65s;}
.animated-duration-66,
.animated-duration-66ms{animation-duration:66ms;}
.animated-duration-66\\\\.67,
.animated-duration-66\\\\.67ms{animation-duration:66.67ms;}
.animated-duration-66\\\\.67s{animation-duration:66.67s;}
.animated-duration-66s{animation-duration:66s;}
.animated-duration-6s{animation-duration:6s;}
.animated-duration-7,
.animated-duration-7ms{animation-duration:7ms;}
.animated-duration-7\\\\.8,
.animated-duration-7\\\\.8ms{animation-duration:7.8ms;}
.animated-duration-7\\\\.8s{animation-duration:7.8s;}
.animated-duration-7s{animation-duration:7s;}
.animated-duration-8,
.animated-duration-8ms{animation-duration:8ms;}
.animated-duration-8\\\\.9,
.animated-duration-8\\\\.9ms{animation-duration:8.9ms;}
.animated-duration-8\\\\.9s{animation-duration:8.9s;}
.animated-duration-8s{animation-duration:8s;}
.animated-duration-9,
.animated-duration-9ms{animation-duration:9ms;}
.animated-duration-9\\\\.1,
.animated-duration-9\\\\.1ms{animation-duration:9.1ms;}
.animated-duration-9\\\\.1s{animation-duration:9.1s;}
.animated-duration-9s{animation-duration:9s;}
.animated-fast{animation-duration:calc(var(--une-animated-duration) * 0.8);;}
.animated-faster{animation-duration:calc(var(--une-animated-duration) * 0.5);;}
.animated-slow{animation-duration:calc(var(--une-animated-duration) * 2);;}
.animated-slower{animation-duration:calc(var(--une-animated-duration) * 3);;}"
`;

exports[`animated > autocomplete 1`] = `
[
  "animated",
  "animated-delay-none",
  "animated-duration-none",
  "animated-infinite",
  "animated-repeat-infinite",
]
`;

exports[`animated > autocomplete 2`] = `
[
  "animated-back-in-down",
  "animated-back-in-left",
  "animated-back-in-right",
  "animated-back-in-up",
  "animated-back-out-down",
  "animated-back-out-left",
  "animated-back-out-right",
  "animated-back-out-up",
  "animated-bounce",
  "animated-bounce-in",
  "animated-bounce-in-down",
  "animated-bounce-in-left",
  "animated-bounce-in-right",
  "animated-bounce-in-up",
  "animated-bounce-out",
  "animated-bounce-out-down",
  "animated-bounce-out-left",
  "animated-bounce-out-right",
  "animated-bounce-out-up",
  "animated-delay-none",
  "animated-duration-none",
  "animated-fade-in",
  "animated-fade-in-bottom-left",
  "animated-fade-in-bottom-right",
  "animated-fade-in-down",
  "animated-fade-in-down-big",
  "animated-fade-in-left",
  "animated-fade-in-left-big",
  "animated-fade-in-right",
  "animated-fade-in-right-big",
  "animated-fade-in-top-left",
  "animated-fade-in-top-right",
  "animated-fade-in-up",
  "animated-fade-in-up-big",
  "animated-fade-out",
  "animated-fade-out-bottom-left",
  "animated-fade-out-bottom-right",
  "animated-fade-out-down",
  "animated-fade-out-down-big",
  "animated-fade-out-left",
  "animated-fade-out-left-big",
  "animated-fade-out-right",
  "animated-fade-out-right-big",
  "animated-fade-out-top-left",
  "animated-fade-out-top-right",
  "animated-fade-out-up",
  "animated-fade-out-up-big",
  "animated-fast",
  "animated-faster",
  "animated-flash",
  "animated-flip",
  "animated-flip-in-x",
  "animated-flip-in-y",
  "animated-flip-out-x",
  "animated-flip-out-y",
  "animated-head-shake",
  "animated-heart-beat",
  "animated-hinge",
  "animated-infinite",
  "animated-jack-in-the-box",
  "animated-jello",
  "animated-light-speed-in-left",
  "animated-light-speed-in-right",
  "animated-light-speed-out-left",
  "animated-light-speed-out-right",
  "animated-pulse",
  "animated-repeat-infinite",
  "animated-roll-in",
  "animated-roll-out",
  "animated-rotate-in",
  "animated-rotate-in-down-left",
  "animated-rotate-in-down-right",
  "animated-rotate-in-up-left",
  "animated-rotate-in-up-right",
  "animated-rotate-out",
  "animated-rotate-out-down-left",
  "animated-rotate-out-down-right",
  "animated-rotate-out-up-left",
  "animated-rotate-out-up-right",
  "animated-rubber-band",
  "animated-shake",
  "animated-shake-x",
  "animated-shake-y",
  "animated-slide-in-down",
  "animated-slide-in-left",
  "animated-slide-in-right",
  "animated-slide-in-up",
  "animated-slide-out-down",
  "animated-slide-out-left",
  "animated-slide-out-right",
  "animated-slide-out-up",
  "animated-slow",
  "animated-slower",
  "animated-swing",
  "animated-tada",
  "animated-wobble",
  "animated-zoom-in",
  "animated-zoom-in-down",
  "animated-zoom-in-left",
  "animated-zoom-in-right",
  "animated-zoom-in-up",
  "animated-zoom-out",
  "animated-zoom-out-down",
  "animated-zoom-out-left",
  "animated-zoom-out-right",
  "animated-zoom-out-up",
]
`;

exports[`animated > autocomplete 3`] = `
[
  "animated-repeat-0",
  "animated-repeat-1",
  "animated-repeat-2",
  "animated-repeat-3",
  "animated-repeat-4",
  "animated-repeat-5",
  "animated-repeat-6",
  "animated-repeat-8",
  "animated-repeat-10",
  "animated-repeat-12",
  "animated-repeat-24",
  "animated-repeat-36",
  "animated-repeat-infinite",
]
`;

exports[`animated > autocomplete 4`] = `
[
  "animated-delay-75",
  "animated-delay-100",
  "animated-delay-150",
  "animated-delay-200",
  "animated-delay-300",
  "animated-delay-500",
  "animated-delay-700",
  "animated-delay-1000",
  "animated-delay-none",
]
`;

exports[`animated > autocomplete 5`] = `
[
  "animated-duration-75",
  "animated-duration-100",
  "animated-duration-150",
  "animated-duration-200",
  "animated-duration-300",
  "animated-duration-500",
  "animated-duration-700",
  "animated-duration-1000",
  "animated-duration-none",
]
`;
