// Vitest Snapshot v1

exports[`elevation > autocomplete 1`] = `
[
  "elevation-0",
  "elevation-op-0",
  "elevation-opacity-0",
  "elevation-1",
  "elevation-op-1",
  "elevation-opacity-1",
  "elevation-2",
  "elevation-op-2",
  "elevation-opacity-2",
  "elevation-3",
  "elevation-op-3",
  "elevation-opacity-3",
  "elevation-4",
  "elevation-op-4",
  "elevation-opacity-4",
  "elevation-5",
  "elevation-op-5",
  "elevation-opacity-5",
  "elevation-6",
  "elevation-op-6",
  "elevation-opacity-6",
  "elevation-7",
  "elevation-op-7",
  "elevation-opacity-7",
  "elevation-8",
  "elevation-op-8",
  "elevation-opacity-8",
  "elevation-9",
  "elevation-op-9",
  "elevation-opacity-9",
  "elevation-10",
  "elevation-op-10",
  "elevation-opacity-10",
  "elevation-11",
  "elevation-op-11",
  "elevation-opacity-11",
  "elevation-12",
  "elevation-op-12",
  "elevation-opacity-12",
  "elevation-13",
  "elevation-op-13",
  "elevation-opacity-13",
  "elevation-14",
  "elevation-op-14",
  "elevation-opacity-14",
  "elevation-15",
  "elevation-op-15",
  "elevation-opacity-15",
  "elevation-16",
  "elevation-op-16",
  "elevation-opacity-16",
  "elevation-17",
  "elevation-op-17",
  "elevation-opacity-17",
  "elevation-18",
  "elevation-op-18",
  "elevation-opacity-18",
  "elevation-19",
  "elevation-op-19",
  "elevation-opacity-19",
  "elevation-20",
  "elevation-op-20",
  "elevation-opacity-20",
  "elevation-21",
  "elevation-op-21",
  "elevation-opacity-21",
  "elevation-22",
  "elevation-op-22",
  "elevation-opacity-22",
  "elevation-23",
  "elevation-op-23",
  "elevation-opacity-23",
  "elevation-24",
  "elevation-op-24",
  "elevation-opacity-24",
  "elevation-op-25",
  "elevation-opacity-25",
  "elevation-op-26",
  "elevation-opacity-26",
  "elevation-op-27",
  "elevation-opacity-27",
  "elevation-op-28",
  "elevation-opacity-28",
  "elevation-op-29",
  "elevation-opacity-29",
  "elevation-op-30",
  "elevation-opacity-30",
  "elevation-op-31",
  "elevation-opacity-31",
  "elevation-op-32",
  "elevation-opacity-32",
  "elevation-op-33",
  "elevation-opacity-33",
  "elevation-op-34",
  "elevation-opacity-34",
  "elevation-op-35",
  "elevation-opacity-35",
  "elevation-op-36",
  "elevation-opacity-36",
  "elevation-op-37",
  "elevation-opacity-37",
  "elevation-op-38",
  "elevation-opacity-38",
  "elevation-op-39",
  "elevation-opacity-39",
  "elevation-op-40",
  "elevation-opacity-40",
  "elevation-op-41",
  "elevation-opacity-41",
  "elevation-op-42",
  "elevation-opacity-42",
  "elevation-op-43",
  "elevation-opacity-43",
  "elevation-op-44",
  "elevation-opacity-44",
  "elevation-op-45",
  "elevation-opacity-45",
  "elevation-op-46",
  "elevation-opacity-46",
  "elevation-op-47",
  "elevation-opacity-47",
  "elevation-op-48",
  "elevation-opacity-48",
  "elevation-op-49",
  "elevation-opacity-49",
  "elevation-op-50",
  "elevation-opacity-50",
  "elevation-op-51",
  "elevation-opacity-51",
  "elevation-op-52",
  "elevation-opacity-52",
  "elevation-op-53",
  "elevation-opacity-53",
  "elevation-op-54",
  "elevation-opacity-54",
  "elevation-op-55",
  "elevation-opacity-55",
  "elevation-op-56",
  "elevation-opacity-56",
  "elevation-op-57",
  "elevation-opacity-57",
  "elevation-op-58",
  "elevation-opacity-58",
  "elevation-op-59",
  "elevation-opacity-59",
  "elevation-op-60",
  "elevation-opacity-60",
  "elevation-op-61",
  "elevation-opacity-61",
  "elevation-op-62",
  "elevation-opacity-62",
  "elevation-op-63",
  "elevation-opacity-63",
  "elevation-op-64",
  "elevation-opacity-64",
  "elevation-op-65",
  "elevation-opacity-65",
  "elevation-op-66",
  "elevation-opacity-66",
  "elevation-op-67",
  "elevation-opacity-67",
  "elevation-op-68",
  "elevation-opacity-68",
  "elevation-op-69",
  "elevation-opacity-69",
  "elevation-op-70",
  "elevation-opacity-70",
  "elevation-op-71",
  "elevation-opacity-71",
  "elevation-op-72",
  "elevation-opacity-72",
  "elevation-op-73",
  "elevation-opacity-73",
  "elevation-op-74",
  "elevation-opacity-74",
  "elevation-op-75",
  "elevation-opacity-75",
  "elevation-op-76",
  "elevation-opacity-76",
  "elevation-op-77",
  "elevation-opacity-77",
  "elevation-op-78",
  "elevation-opacity-78",
  "elevation-op-79",
  "elevation-opacity-79",
  "elevation-op-80",
  "elevation-opacity-80",
  "elevation-op-81",
  "elevation-opacity-81",
  "elevation-op-82",
  "elevation-opacity-82",
  "elevation-op-83",
  "elevation-opacity-83",
  "elevation-op-84",
  "elevation-opacity-84",
  "elevation-op-85",
  "elevation-opacity-85",
  "elevation-op-86",
  "elevation-opacity-86",
  "elevation-op-87",
  "elevation-opacity-87",
  "elevation-op-88",
  "elevation-opacity-88",
  "elevation-op-89",
  "elevation-opacity-89",
  "elevation-op-90",
  "elevation-opacity-90",
  "elevation-op-91",
  "elevation-opacity-91",
  "elevation-op-92",
  "elevation-opacity-92",
  "elevation-op-93",
  "elevation-opacity-93",
  "elevation-op-94",
  "elevation-opacity-94",
  "elevation-op-95",
  "elevation-opacity-95",
  "elevation-op-96",
  "elevation-opacity-96",
  "elevation-op-97",
  "elevation-opacity-97",
  "elevation-op-98",
  "elevation-opacity-98",
  "elevation-op-99",
  "elevation-opacity-99",
  "elevation-op-100",
  "elevation-opacity-100",
]
`;

exports[`elevation > autocomplete 2`] = `
[
  "shadow-elevation-0",
  "shadow-elevation-op-0",
  "shadow-elevation-opacity-0",
  "shadow-elevation-1",
  "shadow-elevation-op-1",
  "shadow-elevation-opacity-1",
  "shadow-elevation-2",
  "shadow-elevation-op-2",
  "shadow-elevation-opacity-2",
  "shadow-elevation-3",
  "shadow-elevation-op-3",
  "shadow-elevation-opacity-3",
  "shadow-elevation-4",
  "shadow-elevation-op-4",
  "shadow-elevation-opacity-4",
  "shadow-elevation-5",
  "shadow-elevation-op-5",
  "shadow-elevation-opacity-5",
  "shadow-elevation-6",
  "shadow-elevation-op-6",
  "shadow-elevation-opacity-6",
  "shadow-elevation-7",
  "shadow-elevation-op-7",
  "shadow-elevation-opacity-7",
  "shadow-elevation-8",
  "shadow-elevation-op-8",
  "shadow-elevation-opacity-8",
  "shadow-elevation-9",
  "shadow-elevation-op-9",
  "shadow-elevation-opacity-9",
  "shadow-elevation-10",
  "shadow-elevation-op-10",
  "shadow-elevation-opacity-10",
  "shadow-elevation-11",
  "shadow-elevation-op-11",
  "shadow-elevation-opacity-11",
  "shadow-elevation-12",
  "shadow-elevation-op-12",
  "shadow-elevation-opacity-12",
  "shadow-elevation-13",
  "shadow-elevation-op-13",
  "shadow-elevation-opacity-13",
  "shadow-elevation-14",
  "shadow-elevation-op-14",
  "shadow-elevation-opacity-14",
  "shadow-elevation-15",
  "shadow-elevation-op-15",
  "shadow-elevation-opacity-15",
  "shadow-elevation-16",
  "shadow-elevation-op-16",
  "shadow-elevation-opacity-16",
  "shadow-elevation-17",
  "shadow-elevation-op-17",
  "shadow-elevation-opacity-17",
  "shadow-elevation-18",
  "shadow-elevation-op-18",
  "shadow-elevation-opacity-18",
  "shadow-elevation-19",
  "shadow-elevation-op-19",
  "shadow-elevation-opacity-19",
  "shadow-elevation-20",
  "shadow-elevation-op-20",
  "shadow-elevation-opacity-20",
  "shadow-elevation-21",
  "shadow-elevation-op-21",
  "shadow-elevation-opacity-21",
  "shadow-elevation-22",
  "shadow-elevation-op-22",
  "shadow-elevation-opacity-22",
  "shadow-elevation-23",
  "shadow-elevation-op-23",
  "shadow-elevation-opacity-23",
  "shadow-elevation-24",
  "shadow-elevation-op-24",
  "shadow-elevation-opacity-24",
  "shadow-elevation-op-25",
  "shadow-elevation-opacity-25",
  "shadow-elevation-op-26",
  "shadow-elevation-opacity-26",
  "shadow-elevation-op-27",
  "shadow-elevation-opacity-27",
  "shadow-elevation-op-28",
  "shadow-elevation-opacity-28",
  "shadow-elevation-op-29",
  "shadow-elevation-opacity-29",
  "shadow-elevation-op-30",
  "shadow-elevation-opacity-30",
  "shadow-elevation-op-31",
  "shadow-elevation-opacity-31",
  "shadow-elevation-op-32",
  "shadow-elevation-opacity-32",
  "shadow-elevation-op-33",
  "shadow-elevation-opacity-33",
  "shadow-elevation-op-34",
  "shadow-elevation-opacity-34",
  "shadow-elevation-op-35",
  "shadow-elevation-opacity-35",
  "shadow-elevation-op-36",
  "shadow-elevation-opacity-36",
  "shadow-elevation-op-37",
  "shadow-elevation-opacity-37",
  "shadow-elevation-op-38",
  "shadow-elevation-opacity-38",
  "shadow-elevation-op-39",
  "shadow-elevation-opacity-39",
  "shadow-elevation-op-40",
  "shadow-elevation-opacity-40",
  "shadow-elevation-op-41",
  "shadow-elevation-opacity-41",
  "shadow-elevation-op-42",
  "shadow-elevation-opacity-42",
  "shadow-elevation-op-43",
  "shadow-elevation-opacity-43",
  "shadow-elevation-op-44",
  "shadow-elevation-opacity-44",
  "shadow-elevation-op-45",
  "shadow-elevation-opacity-45",
  "shadow-elevation-op-46",
  "shadow-elevation-opacity-46",
  "shadow-elevation-op-47",
  "shadow-elevation-opacity-47",
  "shadow-elevation-op-48",
  "shadow-elevation-opacity-48",
  "shadow-elevation-op-49",
  "shadow-elevation-opacity-49",
  "shadow-elevation-op-50",
  "shadow-elevation-opacity-50",
  "shadow-elevation-op-51",
  "shadow-elevation-opacity-51",
  "shadow-elevation-op-52",
  "shadow-elevation-opacity-52",
  "shadow-elevation-op-53",
  "shadow-elevation-opacity-53",
  "shadow-elevation-op-54",
  "shadow-elevation-opacity-54",
  "shadow-elevation-op-55",
  "shadow-elevation-opacity-55",
  "shadow-elevation-op-56",
  "shadow-elevation-opacity-56",
  "shadow-elevation-op-57",
  "shadow-elevation-opacity-57",
  "shadow-elevation-op-58",
  "shadow-elevation-opacity-58",
  "shadow-elevation-op-59",
  "shadow-elevation-opacity-59",
  "shadow-elevation-op-60",
  "shadow-elevation-opacity-60",
  "shadow-elevation-op-61",
  "shadow-elevation-opacity-61",
  "shadow-elevation-op-62",
  "shadow-elevation-opacity-62",
  "shadow-elevation-op-63",
  "shadow-elevation-opacity-63",
  "shadow-elevation-op-64",
  "shadow-elevation-opacity-64",
  "shadow-elevation-op-65",
  "shadow-elevation-opacity-65",
  "shadow-elevation-op-66",
  "shadow-elevation-opacity-66",
  "shadow-elevation-op-67",
  "shadow-elevation-opacity-67",
  "shadow-elevation-op-68",
  "shadow-elevation-opacity-68",
  "shadow-elevation-op-69",
  "shadow-elevation-opacity-69",
  "shadow-elevation-op-70",
  "shadow-elevation-opacity-70",
  "shadow-elevation-op-71",
  "shadow-elevation-opacity-71",
  "shadow-elevation-op-72",
  "shadow-elevation-opacity-72",
  "shadow-elevation-op-73",
  "shadow-elevation-opacity-73",
  "shadow-elevation-op-74",
  "shadow-elevation-opacity-74",
  "shadow-elevation-op-75",
  "shadow-elevation-opacity-75",
  "shadow-elevation-op-76",
  "shadow-elevation-opacity-76",
  "shadow-elevation-op-77",
  "shadow-elevation-opacity-77",
  "shadow-elevation-op-78",
  "shadow-elevation-opacity-78",
  "shadow-elevation-op-79",
  "shadow-elevation-opacity-79",
  "shadow-elevation-op-80",
  "shadow-elevation-opacity-80",
  "shadow-elevation-op-81",
  "shadow-elevation-opacity-81",
  "shadow-elevation-op-82",
  "shadow-elevation-opacity-82",
  "shadow-elevation-op-83",
  "shadow-elevation-opacity-83",
  "shadow-elevation-op-84",
  "shadow-elevation-opacity-84",
  "shadow-elevation-op-85",
  "shadow-elevation-opacity-85",
  "shadow-elevation-op-86",
  "shadow-elevation-opacity-86",
  "shadow-elevation-op-87",
  "shadow-elevation-opacity-87",
  "shadow-elevation-op-88",
  "shadow-elevation-opacity-88",
  "shadow-elevation-op-89",
  "shadow-elevation-opacity-89",
  "shadow-elevation-op-90",
  "shadow-elevation-opacity-90",
  "shadow-elevation-op-91",
  "shadow-elevation-opacity-91",
  "shadow-elevation-op-92",
  "shadow-elevation-opacity-92",
  "shadow-elevation-op-93",
  "shadow-elevation-opacity-93",
  "shadow-elevation-op-94",
  "shadow-elevation-opacity-94",
  "shadow-elevation-op-95",
  "shadow-elevation-opacity-95",
  "shadow-elevation-op-96",
  "shadow-elevation-opacity-96",
  "shadow-elevation-op-97",
  "shadow-elevation-opacity-97",
  "shadow-elevation-op-98",
  "shadow-elevation-opacity-98",
  "shadow-elevation-op-99",
  "shadow-elevation-opacity-99",
  "shadow-elevation-op-100",
  "shadow-elevation-opacity-100",
]
`;
