// Vitest Snapshot v1

exports[`elevation > autocomplete 1`] = `
[
  "elevation-0",
  "elevation-0-fade",
  "elevation-1",
  "elevation-1-fade",
  "elevation-10-fade",
  "elevation-11-fade",
  "elevation-12-fade",
  "elevation-13-fade",
  "elevation-2",
  "elevation-3",
  "elevation-4",
  "elevation-5",
  "elevation-6",
  "elevation-7",
  "elevation-8",
  "elevation-9",
  "elevation-10",
  "elevation-11",
  "elevation-12",
  "elevation-13",
  "elevation-14",
  "elevation-14-fade",
  "elevation-15",
  "elevation-15-fade",
  "elevation-16",
  "elevation-16-fade",
  "elevation-17",
  "elevation-17-fade",
  "elevation-18",
  "elevation-18-fade",
  "elevation-19",
  "elevation-19-fade",
  "elevation-2-fade",
  "elevation-20",
  "elevation-20-fade",
  "elevation-21",
  "elevation-21-fade",
  "elevation-22",
  "elevation-22-fade",
  "elevation-23",
  "elevation-23-fade",
  "elevation-24",
  "elevation-24-fade",
  "elevation-3-fade",
  "elevation-4-fade",
  "elevation-5-fade",
  "elevation-6-fade",
  "elevation-7-fade",
  "elevation-8-fade",
  "elevation-9-fade",
]
`;

exports[`elevation > autocomplete 2`] = `
[
  "shadow-elevation-0",
  "shadow-elevation-0-fade",
  "shadow-elevation-1",
  "shadow-elevation-1-fade",
  "shadow-elevation-10-fade",
  "shadow-elevation-11-fade",
  "shadow-elevation-12-fade",
  "shadow-elevation-13-fade",
  "shadow-elevation-2",
  "shadow-elevation-3",
  "shadow-elevation-4",
  "shadow-elevation-5",
  "shadow-elevation-6",
  "shadow-elevation-7",
  "shadow-elevation-8",
  "shadow-elevation-9",
  "shadow-elevation-10",
  "shadow-elevation-11",
  "shadow-elevation-12",
  "shadow-elevation-13",
  "shadow-elevation-14",
  "shadow-elevation-14-fade",
  "shadow-elevation-15",
  "shadow-elevation-15-fade",
  "shadow-elevation-16",
  "shadow-elevation-16-fade",
  "shadow-elevation-17",
  "shadow-elevation-17-fade",
  "shadow-elevation-18",
  "shadow-elevation-18-fade",
  "shadow-elevation-19",
  "shadow-elevation-19-fade",
  "shadow-elevation-2-fade",
  "shadow-elevation-20",
  "shadow-elevation-20-fade",
  "shadow-elevation-21",
  "shadow-elevation-21-fade",
  "shadow-elevation-22",
  "shadow-elevation-22-fade",
  "shadow-elevation-23",
  "shadow-elevation-23-fade",
  "shadow-elevation-24",
  "shadow-elevation-24-fade",
  "shadow-elevation-3-fade",
  "shadow-elevation-4-fade",
  "shadow-elevation-5-fade",
  "shadow-elevation-6-fade",
  "shadow-elevation-7-fade",
  "shadow-elevation-8-fade",
  "shadow-elevation-9-fade",
]
`;
