// Vitest Snapshot v1, https://vitest.dev/guide/snapshot.html

exports[`extra-group > autocomplete 1`] = `
[
  "flex-justify-around",
  "flex-justify-between",
  "flex-justify-center",
  "flex-justify-end",
  "flex-justify-evenly",
  "flex-justify-inherit",
  "flex-justify-initial",
  "flex-justify-items-center",
  "flex-justify-items-end",
  "flex-justify-items-inherit",
  "flex-justify-items-initial",
  "flex-justify-items-revert",
  "flex-justify-items-revert-layer",
  "flex-justify-items-start",
  "flex-justify-items-stretch",
  "flex-justify-items-unset",
  "flex-justify-revert",
  "flex-justify-revert-layer",
  "flex-justify-self-auto",
  "flex-justify-self-center",
  "flex-justify-self-end",
  "flex-justify-self-inherit",
  "flex-justify-self-initial",
  "flex-justify-self-revert",
  "flex-justify-self-revert-layer",
  "flex-justify-self-start",
  "flex-justify-self-stretch",
  "flex-justify-self-unset",
  "flex-justify-start",
  "flex-justify-unset",
]
`;

exports[`extra-group > autocomplete 2`] = `
[
  "grid-justify-around",
  "grid-justify-between",
  "grid-justify-center",
  "grid-justify-end",
  "grid-justify-evenly",
  "grid-justify-inherit",
  "grid-justify-initial",
  "grid-justify-items-center",
  "grid-justify-items-end",
  "grid-justify-items-inherit",
  "grid-justify-items-initial",
  "grid-justify-items-revert",
  "grid-justify-items-revert-layer",
  "grid-justify-items-start",
  "grid-justify-items-stretch",
  "grid-justify-items-unset",
  "grid-justify-revert",
  "grid-justify-revert-layer",
  "grid-justify-self-auto",
  "grid-justify-self-center",
  "grid-justify-self-end",
  "grid-justify-self-inherit",
  "grid-justify-self-initial",
  "grid-justify-self-revert",
  "grid-justify-self-revert-layer",
  "grid-justify-self-start",
  "grid-justify-self-stretch",
  "grid-justify-self-unset",
  "grid-justify-start",
  "grid-justify-unset",
]
`;

exports[`extra-group > autocomplete 3`] = `
[
  "inline-flex-justify-around",
  "inline-flex-justify-between",
  "inline-flex-justify-center",
  "inline-flex-justify-end",
  "inline-flex-justify-evenly",
  "inline-flex-justify-inherit",
  "inline-flex-justify-initial",
  "inline-flex-justify-items-center",
  "inline-flex-justify-items-end",
  "inline-flex-justify-items-inherit",
  "inline-flex-justify-items-initial",
  "inline-flex-justify-items-revert",
  "inline-flex-justify-items-revert-layer",
  "inline-flex-justify-items-start",
  "inline-flex-justify-items-stretch",
  "inline-flex-justify-items-unset",
  "inline-flex-justify-revert",
  "inline-flex-justify-revert-layer",
  "inline-flex-justify-self-auto",
  "inline-flex-justify-self-center",
  "inline-flex-justify-self-end",
  "inline-flex-justify-self-inherit",
  "inline-flex-justify-self-initial",
  "inline-flex-justify-self-revert",
  "inline-flex-justify-self-revert-layer",
  "inline-flex-justify-self-start",
  "inline-flex-justify-self-stretch",
  "inline-flex-justify-self-unset",
  "inline-flex-justify-start",
  "inline-flex-justify-unset",
]
`;

exports[`extra-group > autocomplete 4`] = `
[
  "inline-grid-justify-around",
  "inline-grid-justify-between",
  "inline-grid-justify-center",
  "inline-grid-justify-end",
  "inline-grid-justify-evenly",
  "inline-grid-justify-inherit",
  "inline-grid-justify-initial",
  "inline-grid-justify-items-center",
  "inline-grid-justify-items-end",
  "inline-grid-justify-items-inherit",
  "inline-grid-justify-items-initial",
  "inline-grid-justify-items-revert",
  "inline-grid-justify-items-revert-layer",
  "inline-grid-justify-items-start",
  "inline-grid-justify-items-stretch",
  "inline-grid-justify-items-unset",
  "inline-grid-justify-revert",
  "inline-grid-justify-revert-layer",
  "inline-grid-justify-self-auto",
  "inline-grid-justify-self-center",
  "inline-grid-justify-self-end",
  "inline-grid-justify-self-inherit",
  "inline-grid-justify-self-initial",
  "inline-grid-justify-self-revert",
  "inline-grid-justify-self-revert-layer",
  "inline-grid-justify-self-start",
  "inline-grid-justify-self-stretch",
  "inline-grid-justify-self-unset",
  "inline-grid-justify-start",
  "inline-grid-justify-unset",
]
`;

exports[`extra-group > autocomplete 5`] = `
[
  "flex-order-first",
  "flex-order-last",
  "flex-order-none",
]
`;

exports[`extra-group > autocomplete 6`] = `
[
  "grid-order-first",
  "grid-order-last",
  "grid-order-none",
]
`;

exports[`extra-group > autocomplete 7`] = `
[
  "inline-flex-order-first",
  "inline-flex-order-last",
  "inline-flex-order-none",
]
`;

exports[`extra-group > autocomplete 8`] = `
[
  "inline-grid-order-first",
  "inline-grid-order-last",
  "inline-grid-order-none",
]
`;

exports[`extra-group > autocomplete 9`] = `
[
  "flex-content-around",
  "flex-content-between",
  "flex-content-center",
  "flex-content-end",
  "flex-content-evenly",
  "flex-content-inherit",
  "flex-content-initial",
  "flex-content-revert",
  "flex-content-revert-layer",
  "flex-content-start",
  "flex-content-unset",
]
`;

exports[`extra-group > autocomplete 10`] = `
[
  "flex-items-baseline",
  "flex-items-center",
  "flex-items-end",
  "flex-items-inherit",
  "flex-items-initial",
  "flex-items-revert",
  "flex-items-revert-layer",
  "flex-items-start",
  "flex-items-stretch",
  "flex-items-unset",
]
`;

exports[`extra-group > autocomplete 11`] = `
[
  "flex-self-auto",
  "flex-self-baseline",
  "flex-self-center",
  "flex-self-end",
  "flex-self-inherit",
  "flex-self-initial",
  "flex-self-revert",
  "flex-self-revert-layer",
  "flex-self-start",
  "flex-self-stretch",
  "flex-self-unset",
]
`;

exports[`extra-group > autocomplete 12`] = `
[
  "grid-content-around",
  "grid-content-between",
  "grid-content-center",
  "grid-content-end",
  "grid-content-evenly",
  "grid-content-inherit",
  "grid-content-initial",
  "grid-content-revert",
  "grid-content-revert-layer",
  "grid-content-start",
  "grid-content-unset",
]
`;

exports[`extra-group > autocomplete 13`] = `
[
  "grid-items-baseline",
  "grid-items-center",
  "grid-items-end",
  "grid-items-inherit",
  "grid-items-initial",
  "grid-items-revert",
  "grid-items-revert-layer",
  "grid-items-start",
  "grid-items-stretch",
  "grid-items-unset",
]
`;

exports[`extra-group > autocomplete 14`] = `
[
  "grid-self-auto",
  "grid-self-baseline",
  "grid-self-center",
  "grid-self-end",
  "grid-self-inherit",
  "grid-self-initial",
  "grid-self-revert",
  "grid-self-revert-layer",
  "grid-self-start",
  "grid-self-stretch",
  "grid-self-unset",
]
`;

exports[`extra-group > autocomplete 15`] = `
[
  "inline-flex-content-around",
  "inline-flex-content-between",
  "inline-flex-content-center",
  "inline-flex-content-end",
  "inline-flex-content-evenly",
  "inline-flex-content-inherit",
  "inline-flex-content-initial",
  "inline-flex-content-revert",
  "inline-flex-content-revert-layer",
  "inline-flex-content-start",
  "inline-flex-content-unset",
]
`;

exports[`extra-group > autocomplete 16`] = `
[
  "inline-flex-items-baseline",
  "inline-flex-items-center",
  "inline-flex-items-end",
  "inline-flex-items-inherit",
  "inline-flex-items-initial",
  "inline-flex-items-revert",
  "inline-flex-items-revert-layer",
  "inline-flex-items-start",
  "inline-flex-items-stretch",
  "inline-flex-items-unset",
]
`;

exports[`extra-group > autocomplete 17`] = `
[
  "inline-flex-self-auto",
  "inline-flex-self-baseline",
  "inline-flex-self-center",
  "inline-flex-self-end",
  "inline-flex-self-inherit",
  "inline-flex-self-initial",
  "inline-flex-self-revert",
  "inline-flex-self-revert-layer",
  "inline-flex-self-start",
  "inline-flex-self-stretch",
  "inline-flex-self-unset",
]
`;

exports[`extra-group > autocomplete 18`] = `
[
  "inline-grid-content-around",
  "inline-grid-content-between",
  "inline-grid-content-center",
  "inline-grid-content-end",
  "inline-grid-content-evenly",
  "inline-grid-content-inherit",
  "inline-grid-content-initial",
  "inline-grid-content-revert",
  "inline-grid-content-revert-layer",
  "inline-grid-content-start",
  "inline-grid-content-unset",
]
`;

exports[`extra-group > autocomplete 19`] = `
[
  "inline-grid-items-baseline",
  "inline-grid-items-center",
  "inline-grid-items-end",
  "inline-grid-items-inherit",
  "inline-grid-items-initial",
  "inline-grid-items-revert",
  "inline-grid-items-revert-layer",
  "inline-grid-items-start",
  "inline-grid-items-stretch",
  "inline-grid-items-unset",
]
`;

exports[`extra-group > autocomplete 20`] = `
[
  "inline-grid-self-auto",
  "inline-grid-self-baseline",
  "inline-grid-self-center",
  "inline-grid-self-end",
  "inline-grid-self-inherit",
  "inline-grid-self-initial",
  "inline-grid-self-revert",
  "inline-grid-self-revert-layer",
  "inline-grid-self-start",
  "inline-grid-self-stretch",
  "inline-grid-self-unset",
]
`;

exports[`extra-group > autocomplete 21`] = `
[
  "flex-place-content-around",
  "flex-place-content-between",
  "flex-place-content-center",
  "flex-place-content-end",
  "flex-place-content-evenly",
  "flex-place-content-inherit",
  "flex-place-content-initial",
  "flex-place-content-revert",
  "flex-place-content-revert-layer",
  "flex-place-content-start",
  "flex-place-content-stretch",
  "flex-place-content-unset",
]
`;

exports[`extra-group > autocomplete 22`] = `
[
  "flex-place-items-center",
  "flex-place-items-end",
  "flex-place-items-inherit",
  "flex-place-items-initial",
  "flex-place-items-revert",
  "flex-place-items-revert-layer",
  "flex-place-items-start",
  "flex-place-items-stretch",
  "flex-place-items-unset",
]
`;

exports[`extra-group > autocomplete 23`] = `
[
  "flex-place-self-auto",
  "flex-place-self-center",
  "flex-place-self-end",
  "flex-place-self-inherit",
  "flex-place-self-initial",
  "flex-place-self-revert",
  "flex-place-self-revert-layer",
  "flex-place-self-start",
  "flex-place-self-stretch",
  "flex-place-self-unset",
]
`;

exports[`extra-group > autocomplete 24`] = `
[
  "grid-place-content-around",
  "grid-place-content-between",
  "grid-place-content-center",
  "grid-place-content-end",
  "grid-place-content-evenly",
  "grid-place-content-inherit",
  "grid-place-content-initial",
  "grid-place-content-revert",
  "grid-place-content-revert-layer",
  "grid-place-content-start",
  "grid-place-content-stretch",
  "grid-place-content-unset",
]
`;

exports[`extra-group > autocomplete 25`] = `
[
  "grid-place-items-center",
  "grid-place-items-end",
  "grid-place-items-inherit",
  "grid-place-items-initial",
  "grid-place-items-revert",
  "grid-place-items-revert-layer",
  "grid-place-items-start",
  "grid-place-items-stretch",
  "grid-place-items-unset",
]
`;

exports[`extra-group > autocomplete 26`] = `
[
  "grid-place-self-auto",
  "grid-place-self-center",
  "grid-place-self-end",
  "grid-place-self-inherit",
  "grid-place-self-initial",
  "grid-place-self-revert",
  "grid-place-self-revert-layer",
  "grid-place-self-start",
  "grid-place-self-stretch",
  "grid-place-self-unset",
]
`;

exports[`extra-group > autocomplete 27`] = `
[
  "inline-flex-place-content-around",
  "inline-flex-place-content-between",
  "inline-flex-place-content-center",
  "inline-flex-place-content-end",
  "inline-flex-place-content-evenly",
  "inline-flex-place-content-inherit",
  "inline-flex-place-content-initial",
  "inline-flex-place-content-revert",
  "inline-flex-place-content-revert-layer",
  "inline-flex-place-content-start",
  "inline-flex-place-content-stretch",
  "inline-flex-place-content-unset",
]
`;

exports[`extra-group > autocomplete 28`] = `
[
  "inline-flex-place-items-center",
  "inline-flex-place-items-end",
  "inline-flex-place-items-inherit",
  "inline-flex-place-items-initial",
  "inline-flex-place-items-revert",
  "inline-flex-place-items-revert-layer",
  "inline-flex-place-items-start",
  "inline-flex-place-items-stretch",
  "inline-flex-place-items-unset",
]
`;

exports[`extra-group > autocomplete 29`] = `
[
  "inline-flex-place-self-auto",
  "inline-flex-place-self-center",
  "inline-flex-place-self-end",
  "inline-flex-place-self-inherit",
  "inline-flex-place-self-initial",
  "inline-flex-place-self-revert",
  "inline-flex-place-self-revert-layer",
  "inline-flex-place-self-start",
  "inline-flex-place-self-stretch",
  "inline-flex-place-self-unset",
]
`;

exports[`extra-group > autocomplete 30`] = `
[
  "inline-grid-place-content-around",
  "inline-grid-place-content-between",
  "inline-grid-place-content-center",
  "inline-grid-place-content-end",
  "inline-grid-place-content-evenly",
  "inline-grid-place-content-inherit",
  "inline-grid-place-content-initial",
  "inline-grid-place-content-revert",
  "inline-grid-place-content-revert-layer",
  "inline-grid-place-content-start",
  "inline-grid-place-content-stretch",
  "inline-grid-place-content-unset",
]
`;

exports[`extra-group > autocomplete 31`] = `
[
  "inline-grid-place-items-center",
  "inline-grid-place-items-end",
  "inline-grid-place-items-inherit",
  "inline-grid-place-items-initial",
  "inline-grid-place-items-revert",
  "inline-grid-place-items-revert-layer",
  "inline-grid-place-items-start",
  "inline-grid-place-items-stretch",
  "inline-grid-place-items-unset",
]
`;

exports[`extra-group > autocomplete 32`] = `
[
  "inline-grid-place-self-auto",
  "inline-grid-place-self-center",
  "inline-grid-place-self-end",
  "inline-grid-place-self-inherit",
  "inline-grid-place-self-initial",
  "inline-grid-place-self-revert",
  "inline-grid-place-self-revert-layer",
  "inline-grid-place-self-start",
  "inline-grid-place-self-stretch",
  "inline-grid-place-self-unset",
]
`;
